[10:27:57] [Client thread/INFO]: Setting user: TechProKing
[10:27:59] [Client thread/INFO]: LWJGL Version: 2.9.4
[10:28:01] [Client thread/INFO]: Reloading ResourceManager: Essential Assets, Essential (forge_1.8.9).processed.jar, Default, FMLFileResourcePack:Forge Mod Loader, FMLFileResourcePack:Minecraft Forge, FMLFileResourcePack:Essential, FMLFileResourcePack:OneConfig, FMLFileResourcePack:bspkrsCore, FMLFileResourcePack:StatusEffectHUD, FMLFileResourcePack:Block Overlay, FMLFileResourcePack:EvergreenHUD, FMLFileResourcePack:Hytils Reborn, FMLFileResourcePack:Keystrokes, FMLFileResourcePack:PolyCrosshair, FMLFileResourcePack:Patcher, FMLFileResourcePack:PolySprint, FMLFileResourcePack:Squeedometer, FMLFileResourcePack:TimeChanger, FMLFileResourcePack:TNT Time, TechProKing16x.zip
[10:28:01] [Client thread/WARN]: ResourcePack: ignored non-lowercase namespace: .DS_Store in C:\Users\tanavm\Documents\MultiMC\instances\v1.8.9\.minecraft\resourcepacks\TechProKing16x.zip
[10:28:02] [Sound Library Loader/INFO]: Starting up SoundSystem...
[10:28:03] [Thread-30/INFO]: Initializing LWJGL OpenAL
[10:28:03] [Thread-30/INFO]: (The LWJGL binding of OpenAL.  For more information, see http://www.lwjgl.org)
[10:28:03] [Thread-30/INFO]: OpenAL initialized.
[10:28:03] [Sound Library Loader/INFO]: Sound engine started
[10:28:03] [Client thread/INFO]: Created: 16x16 textures-atlas
[10:28:04] [Thread-30/ERROR]: Error in class 'LibraryLWJGLOpenAL'
[10:28:04] [Thread-30/ERROR]: Invalid enumerated parameter value.
[10:28:04] [Client thread/INFO]: Reloading ResourceManager: Essential Assets, Essential (forge_1.8.9).processed.jar, Default, FMLFileResourcePack:Forge Mod Loader, FMLFileResourcePack:Minecraft Forge, FMLFileResourcePack:Essential, FMLFileResourcePack:OneConfig, FMLFileResourcePack:bspkrsCore, FMLFileResourcePack:StatusEffectHUD, FMLFileResourcePack:Block Overlay, FMLFileResourcePack:EvergreenHUD, FMLFileResourcePack:Hytils Reborn, FMLFileResourcePack:Keystrokes, FMLFileResourcePack:PolyCrosshair, FMLFileResourcePack:Patcher, FMLFileResourcePack:PolySprint, FMLFileResourcePack:Squeedometer, FMLFileResourcePack:TimeChanger, FMLFileResourcePack:TNT Time, TechProKing16x.zip
[10:28:04] [Client thread/WARN]: ResourcePack: ignored non-lowercase namespace: .DS_Store in C:\Users\tanavm\Documents\MultiMC\instances\v1.8.9\.minecraft\resourcepacks\TechProKing16x.zip
[10:28:04] [Client thread/INFO]: SoundSystem shutting down...
[10:28:05] [Client thread/WARN]: Author: Paul Lamb, www.paulscode.com
[10:28:05] [Sound Library Loader/INFO]: Starting up SoundSystem...
[10:28:05] [Thread-34/INFO]: Initializing LWJGL OpenAL
[10:28:05] [Thread-34/INFO]: (The LWJGL binding of OpenAL.  For more information, see http://www.lwjgl.org)
[10:28:05] [Thread-34/INFO]: OpenAL initialized.
[10:28:05] [Sound Library Loader/INFO]: Sound engine started
[10:28:05] [Client thread/INFO]: Created: 4096x2048 textures-atlas
[10:28:10] [Client thread/ERROR]: Signature is missing from textures payload
[10:28:10] [Client thread/ERROR]: Signature is missing from textures payload
[10:28:19] [Client thread/ERROR]: Signature is missing from textures payload
[10:28:19] [Client thread/ERROR]: Signature is missing from textures payload
[10:28:20] [Client thread/INFO]: Stopping!
[10:28:20] [Client thread/INFO]: SoundSystem shutting down...
[10:28:20] [Client thread/WARN]: Author: Paul Lamb, www.paulscode.com
